// Jest Snapshot v1, https://goo.gl/fbAQLP

exports[`Pruebas en AddCategory should show <GifGrip /> whith 0 defoult 1`] = `
<Fragment>
  <h2>
    los simpson
  </h2>
  <p
    className="animate__animated animate__flash"
  >
    Loading...
  </p>
  <div
    className="card-grip"
  />
</Fragment>
`;
