// Jest Snapshot v1, https://goo.gl/fbAQLP

exports[`componente gif grip mostrar <GifItemGrip />  1`] = `
<div
  className="card animate__animated animate__fadeIn"
>
  <p>
    titulo
  </p>
  <img
    alt="titulo"
    src="http://www.google.cl"
  />
</div>
`;
